<html>
<body>
<pre>
<h1>µVision Build Log</h1>
<h2>Project:</h2>
C:\EE445L\ST7735_4C123\ST7735.uvproj
Project File Date:  08/29/2016

<h2>Output:</h2>
Build target 'ST7735'
compiling ST7735TestMain.c...
linking...
Program Size: Code=4472 RO-data=4324 RW-data=64 ZI-data=1024  
".\ST7735.axf" - 0 Error(s), 0 Warning(s).
Load "C:\\EE445L\\ST7735_4C123\\ST7735.axf" 
Connecting: Mode=JTAG, Speed=1000000Hz
Erase Done.
Programming Done.
Verify OK.
ng Done.
Verify OK.
de=JTAG, Speed=1000000Hz
Erase Done.
Programming Done.
Verify OK.
